---
source: crates/geko_tests/src/parse.rs
expression: result
---
Block {
    span: Span(
        9..89,
    ),
    statements: [
        Assign {
            span: Span(
                9..89,
            ),
            name: "value",
            op: Define,
            value: Bin {
                span: Span(
                    18..89,
                ),
                op: Or,
                lhs: Bin {
                    span: Span(
                        18..73,
                    ),
                    op: And,
                    lhs: Bin {
                        span: Span(
                            18..64,
                        ),
                        op: BitAnd,
                        lhs: Bin {
                            span: Span(
                                18..56,
                            ),
                            op: Eq,
                            lhs: Bin {
                                span: Span(
                                    19..47,
                                ),
                                op: Xor,
                                lhs: Bin {
                                    span: Span(
                                        20..41,
                                    ),
                                    op: Mod,
                                    lhs: Bin {
                                        span: Span(
                                            21..36,
                                        ),
                                        op: Div,
                                        lhs: Bin {
                                            span: Span(
                                                21..32,
                                            ),
                                            op: Mul,
                                            lhs: Bin {
                                                span: Span(
                                                    22..27,
                                                ),
                                                op: Add,
                                                lhs: Lit {
                                                    span: Span(
                                                        22..23,
                                                    ),
                                                    lit: Number(
                                                        "2",
                                                    ),
                                                },
                                                rhs: Lit {
                                                    span: Span(
                                                        26..27,
                                                    ),
                                                    lit: Number(
                                                        "2",
                                                    ),
                                                },
                                            },
                                            rhs: Lit {
                                                span: Span(
                                                    31..32,
                                                ),
                                                lit: Number(
                                                    "2",
                                                ),
                                            },
                                        },
                                        rhs: Lit {
                                            span: Span(
                                                35..36,
                                            ),
                                            lit: Number(
                                                "2",
                                            ),
                                        },
                                    },
                                    rhs: Lit {
                                        span: Span(
                                            40..41,
                                        ),
                                        lit: Number(
                                            "3",
                                        ),
                                    },
                                },
                                rhs: Lit {
                                    span: Span(
                                        45..47,
                                    ),
                                    lit: Number(
                                        "65",
                                    ),
                                },
                            },
                            rhs: Lit {
                                span: Span(
                                    52..56,
                                ),
                                lit: Bool(
                                    "true",
                                ),
                            },
                        },
                        rhs: Lit {
                            span: Span(
                                59..64,
                            ),
                            lit: Bool(
                                "false",
                            ),
                        },
                    },
                    rhs: Lit {
                        span: Span(
                            68..73,
                        ),
                        lit: Bool(
                            "false",
                        ),
                    },
                },
                rhs: Bin {
                    span: Span(
                        77..89,
                    ),
                    op: BitAnd,
                    lhs: Lit {
                        span: Span(
                            77..81,
                        ),
                        lit: Bool(
                            "true",
                        ),
                    },
                    rhs: Lit {
                        span: Span(
                            84..89,
                        ),
                        lit: Bool(
                            "false",
                        ),
                    },
                },
            },
        },
    ],
}
