---
source: crates/geko_tests/src/sema.rs
expression: result
---
sema::continue_outside_loop

  x couldn't use `continue` statement outside of loop.
   ,-[test.geko:5:21]
 2 |         fun outer() {
 3 |             while true {
 4 |                 fun inner() {
 5 |                     continue
   :                     ^^^^|^^^
   :                         `-- this `continue` statement is invalid.
 6 |                 }
 7 |             }
 8 |         }
   `----
