---
source: crates/geko_tests/src/sema.rs
expression: result
---
sema::break_outside_loop

  x couldn't use `break` statement outside of loop.
   ,-[test.geko:5:21]
 2 |         fun outer() {
 3 |             while true {
 4 |                 fun inner() {
 5 |                     break
   :                     ^^|^^
   :                       `-- this `break` statement is invalid.
 6 |                 }
 7 |             }
 8 |         }
   `----
