---
source: crates/geko_tests/src/lex.rs
expression: result
---
[
    Token {
        span: Span(
            0..2,
        ),
        kind: Id,
        lexeme: "id",
    },
    Token {
        span: Span(
            3..8,
        ),
        kind: Number,
        lexeme: "12345",
    },
    Token {
        span: Span(
            10..16,
        ),
        kind: String,
        lexeme: "hello",
    },
]
