---
source: crates/geko_tests/src/parse.rs
expression: result
---
Block {
    span: Span(
        9..140,
    ),
    statements: [
        Assign {
            span: Span(
                9..20,
            ),
            name: "id",
            op: Add,
            value: Variable {
                span: Span(
                    15..20,
                ),
                name: "value",
            },
        },
        Assign {
            span: Span(
                29..40,
            ),
            name: "id",
            op: Sub,
            value: Variable {
                span: Span(
                    35..40,
                ),
                name: "value",
            },
        },
        Assign {
            span: Span(
                49..60,
            ),
            name: "id",
            op: Mul,
            value: Variable {
                span: Span(
                    55..60,
                ),
                name: "value",
            },
        },
        Assign {
            span: Span(
                69..80,
            ),
            name: "id",
            op: Div,
            value: Variable {
                span: Span(
                    75..80,
                ),
                name: "value",
            },
        },
        Assign {
            span: Span(
                89..100,
            ),
            name: "id",
            op: Mod,
            value: Variable {
                span: Span(
                    95..100,
                ),
                name: "value",
            },
        },
        Assign {
            span: Span(
                109..120,
            ),
            name: "id",
            op: BitAnd,
            value: Variable {
                span: Span(
                    115..120,
                ),
                name: "value",
            },
        },
        Assign {
            span: Span(
                129..140,
            ),
            name: "id",
            op: BitOr,
            value: Variable {
                span: Span(
                    135..140,
                ),
                name: "value",
            },
        },
    ],
}
