---
source: crates/geko_tests/src/lex.rs
expression: result
---
[
    Token {
        span: Span(
            0..3,
        ),
        kind: Use,
        lexeme: "use",
    },
    Token {
        span: Span(
            4..6,
        ),
        kind: As,
        lexeme: "as",
    },
    Token {
        span: Span(
            7..10,
        ),
        kind: For,
        lexeme: "for",
    },
    Token {
        span: Span(
            11..16,
        ),
        kind: While,
        lexeme: "while",
    },
    Token {
        span: Span(
            17..22,
        ),
        kind: Class,
        lexeme: "class",
    },
    Token {
        span: Span(
            23..25,
        ),
        kind: Id,
        lexeme: "fn",
    },
    Token {
        span: Span(
            26..28,
        ),
        kind: In,
        lexeme: "in",
    },
    Token {
        span: Span(
            29..31,
        ),
        kind: If,
        lexeme: "if",
    },
    Token {
        span: Span(
            32..36,
        ),
        kind: Else,
        lexeme: "else",
    },
    Token {
        span: Span(
            37..40,
        ),
        kind: Id,
        lexeme: "let",
    },
    Token {
        span: Span(
            41..47,
        ),
        kind: Return,
        lexeme: "return",
    },
    Token {
        span: Span(
            48..56,
        ),
        kind: Continue,
        lexeme: "continue",
    },
    Token {
        span: Span(
            57..62,
        ),
        kind: Break,
        lexeme: "break",
    },
    Token {
        span: Span(
            63..68,
        ),
        kind: Trait,
        lexeme: "trait",
    },
]
