---
source: crates/geko_tests/src/lex.rs
expression: result
---
[
    Token {
        span: Span(
            9..10,
        ),
        kind: Comma,
        lexeme: ",",
    },
    Token {
        span: Span(
            11..12,
        ),
        kind: Dot,
        lexeme: ".",
    },
    Token {
        span: Span(
            13..14,
        ),
        kind: Ampersand,
        lexeme: "&",
    },
    Token {
        span: Span(
            15..17,
        ),
        kind: DoubleAmp,
        lexeme: "&&",
    },
    Token {
        span: Span(
            18..19,
        ),
        kind: Bar,
        lexeme: "|",
    },
    Token {
        span: Span(
            20..22,
        ),
        kind: DoubleBar,
        lexeme: "||",
    },
    Token {
        span: Span(
            23..24,
        ),
        kind: Caret,
        lexeme: "^",
    },
    Token {
        span: Span(
            25..26,
        ),
        kind: Bang,
        lexeme: "!",
    },
    Token {
        span: Span(
            35..36,
        ),
        kind: Plus,
        lexeme: "+",
    },
    Token {
        span: Span(
            37..38,
        ),
        kind: Star,
        lexeme: "*",
    },
    Token {
        span: Span(
            39..40,
        ),
        kind: Minus,
        lexeme: "-",
    },
    Token {
        span: Span(
            41..43,
        ),
        kind: PlusEq,
        lexeme: "+=",
    },
    Token {
        span: Span(
            44..46,
        ),
        kind: MinusEq,
        lexeme: "-=",
    },
    Token {
        span: Span(
            47..49,
        ),
        kind: StarEq,
        lexeme: "*=",
    },
    Token {
        span: Span(
            50..52,
        ),
        kind: SlashEq,
        lexeme: "/=",
    },
    Token {
        span: Span(
            53..55,
        ),
        kind: BangEq,
        lexeme: "!=",
    },
    Token {
        span: Span(
            56..58,
        ),
        kind: BarEq,
        lexeme: "|=",
    },
    Token {
        span: Span(
            59..61,
        ),
        kind: AmpersandEq,
        lexeme: "&=",
    },
    Token {
        span: Span(
            70..72,
        ),
        kind: CaretEq,
        lexeme: "^=",
    },
    Token {
        span: Span(
            73..75,
        ),
        kind: Walrus,
        lexeme: ":=",
    },
    Token {
        span: Span(
            76..77,
        ),
        kind: Lparen,
        lexeme: "(",
    },
    Token {
        span: Span(
            78..79,
        ),
        kind: Rparen,
        lexeme: ")",
    },
    Token {
        span: Span(
            80..81,
        ),
        kind: Lbrace,
        lexeme: "{",
    },
    Token {
        span: Span(
            82..83,
        ),
        kind: Rbrace,
        lexeme: "}",
    },
    Token {
        span: Span(
            84..85,
        ),
        kind: Lbracket,
        lexeme: "[",
    },
    Token {
        span: Span(
            86..87,
        ),
        kind: Rbracket,
        lexeme: "]",
    },
]
