---
source: crates/geko_tests/src/parse.rs
expression: result
---
Block {
    span: Span(
        9..39,
    ),
    statements: [
        Assign {
            span: Span(
                9..20,
            ),
            name: "id",
            op: Define,
            value: Variable {
                span: Span(
                    15..20,
                ),
                name: "value",
            },
        },
        Assign {
            span: Span(
                29..39,
            ),
            name: "id",
            op: Assign,
            value: Variable {
                span: Span(
                    34..39,
                ),
                name: "value",
            },
        },
    ],
}
